// Jest Snapshot v1, https://goo.gl/fbAQLP

exports[`should match snapshots 1`] = `
<DocumentFragment>
  <div
    class="alert alert-danger"
    role="alert"
  />
</DocumentFragment>
`;
