// Jest Snapshot v1, https://goo.gl/fbAQLP

exports[`should match snapshots 1`] = `
<DocumentFragment>
  <div>
    <div
      class="col-md-8 offset-md-2"
    >
      <h3
        class="mb-3 pb-2 border-bottom"
      >
        WORKOUTS
      </h3>
    </div>
    <div
      class="d-flex flex-row justify-content-center"
    >
      <a
        class="p-2 mt-3"
        href="/workouts/day"
      >
        Add workout day
      </a>
    </div>
  </div>
</DocumentFragment>
`;
