// Jest Snapshot v1, https://goo.gl/fbAQLP

exports[`Should match snapshots 1`] = `
<DocumentFragment>
  <div
    class="LoginForm"
  >
    <div
      class="container col-md-6 offset-md-3 col-lg-4 offset-lg-4"
    >
      <h3
        class="mb-3"
      >
        Edit exercise
      </h3>
      <div
        class="card"
      >
        <div
          class="card-body"
        >
          <form>
            <div
              class="form-group"
            >
              <label
                for="weight"
              >
                Weight
              </label>
              <input
                class="form-control"
                id="weight"
                name="weight"
                placeholder="ex. 100"
                required=""
                type="number"
                value=""
              />
            </div>
            <div
              class="form-group"
            >
              <label
                for="unit"
              >
                Unit
              </label>
              <input
                class="form-control"
                id="unit"
                name="unit"
                placeholder="ex. kg or Lbs"
                required=""
                type="text"
                value=""
              />
            </div>
            <div
              class="form-group"
            >
              <label
                for="no_of_sets"
              >
                No. of sets
              </label>
              <input
                class="form-control"
                id="no_of_sets"
                name="noOfSets"
                placeholder="ex. 5"
                required=""
                type="number"
                value=""
              />
            </div>
            <div
              class="form-group"
            >
              <label
                for="no_of_reps"
              >
                No. of Reps.
              </label>
              <input
                class="form-control"
                id="no_of_reps"
                name="noOfReps"
                placeholder="ex. 10"
                required=""
                type="number"
                value=""
              />
            </div>
            <button
              class="btn float-right font-weight-bold"
              style="background-color: rgb(70, 17, 17); color: white;"
            >
              Save
            </button>
            <a
              class="btn float-right font-weight-bold"
              href="/workouts"
              role="button"
              style="background-color: rgb(255, 30, 0); color: white; margin-right: 5px;"
            >
              Cancel
            </a>
          </form>
        </div>
      </div>
    </div>
  </div>
</DocumentFragment>
`;
