// Jest Snapshot v1, https://goo.gl/fbAQLP

exports[`Should match snapshots 1`] = `
<DocumentFragment>
  <nav
    class="navbar navbar-expand-lg navbar-light"
  >
    <div
      class="container"
    >
      <div
        class="container-fluid"
      >
        <span
          class="navbar-brand"
        >
          <a
            class="navbar-brand"
            href="/"
          >
            <h4
              class="Navigation-brand"
            >
              LIGHT WEIGHT
            </h4>
          </a>
        </span>
        <button
          aria-controls="responsive-navbar-nav"
          aria-label="Toggle navigation"
          class="navbar-toggler collapsed"
          type="button"
        >
          <span
            class="navbar-toggler-icon"
          />
        </button>
        <div
          class="navbar-collapse collapse"
          id="responsive-navbar-nav"
        >
          <ul
            class="navbar-nav ml-auto"
          >
            <li
              class="nav-item mr-4"
            >
              <a
                class="nav-link"
                href="/workouts"
              >
                Workouts
              </a>
            </li>
            <li
              class="nav-item mr-4"
            >
              <a
                class="nav-link"
                href="/profile"
              >
                Profile
              </a>
            </li>
            <li
              class="nav-item"
            >
              <a
                class="nav-link"
                href="/"
              >
                Log Out John
              </a>
            </li>
          </ul>
        </div>
      </div>
    </div>
  </nav>
</DocumentFragment>
`;
