// Jest Snapshot v1, https://goo.gl/fbAQLP

exports[`Should match snapshots 1`] = `
<DocumentFragment>
  <div
    class="LoadingSpinner"
  >
    Loading...
  </div>
</DocumentFragment>
`;
